error: More than one 'bits' attribute is not permitted
 --> tests/ui/derive_bitfield_specifier/invalid_bits_attribute.rs:5:1
  |
5 | #[bits = 1]
  | ^^^^^^^^^^^

error: bits must be integer literal for fixed size: #[bits = N]
  --> tests/ui/derive_bitfield_specifier/invalid_bits_attribute.rs:12:3
   |
12 | #[bits = 1.0]
   |   ^^^^^^^^^^
